20:26:50 **** Incremental Build of configuration Debug for project arthf4 ****
make -j16 all 
arm-none-eabi-gcc "../USB_DEVICE/App/usbd_cdc_if.c" -mcpu=cortex-m7 -std=gnu11 -g3 -DDEBUG -DUSE_PWR_LDO_SUPPLY -DUSE_HAL_DRIVER -DSTM32H750xx -c -I../Core/Inc -I../Drivers/STM32H7xx_HAL_Driver/Inc -I../Drivers/STM32H7xx_HAL_Driver/Inc/Legacy -I../Drivers/CMSIS/Device/ST/STM32H7xx/Include -I../Drivers/CMSIS/Include -I../USB_DEVICE/App -I../USB_DEVICE/Target -I../Middlewares/ST/STM32_USB_Device_Library/Core/Inc -I../Middlewares/ST/STM32_USB_Device_Library/Class/CDC/Inc -O0 -ffunction-sections -fdata-sections -Wall -fstack-usage -fcyclomatic-complexity -MMD -MP -MF"USB_DEVICE/App/usbd_cdc_if.d" -MT"USB_DEVICE/App/usbd_cdc_if.o" --specs=nano.specs -mfpu=fpv5-d16 -mfloat-abi=hard -mthumb -o "USB_DEVICE/App/usbd_cdc_if.o"
../USB_DEVICE/App/usbd_cdc_if.c: In function 'CDC_Receive_FS':
../USB_DEVICE/App/usbd_cdc_if.c:271:43: warning: pointer targets in passing argument 1 of 'atoi' differ in signedness [-Wpointer-sign]
  271 |                         uint32_t v = atoi(Buf);
      |                                           ^~~
      |                                           |
      |                                           uint8_t * {aka unsigned char *}
In file included from ../USB_DEVICE/Target/usbd_conf.h:31,
                 from ../Middlewares/ST/STM32_USB_Device_Library/Core/Inc/usbd_def.h:28,
                 from ../Middlewares/ST/STM32_USB_Device_Library/Core/Inc/usbd_ioreq.h:28,
                 from ../Middlewares/ST/STM32_USB_Device_Library/Class/CDC/Inc/usbd_cdc.h:28,
                 from ../USB_DEVICE/App/usbd_cdc_if.h:31,
                 from ../USB_DEVICE/App/usbd_cdc_if.c:22:
C:\ST\STM32CubeIDE_1.19.0\STM32CubeIDE\plugins\com.st.stm32cube.ide.mcu.externaltools.gnu-tools-for-stm32.13.3.rel1.win32_1.0.0.202411081344\tools\bin/../lib/gcc/arm-none-eabi/13.3.1/../../../../arm-none-eabi/include/stdlib.h:81:27: note: expected 'const char *' but argument is of type 'uint8_t *' {aka 'unsigned char *'}
   81 | int     atoi (const char *__nptr);
      |               ~~~~~~~~~~~~^~~~~~
../USB_DEVICE/App/usbd_cdc_if.c:279:34: warning: format '%u' expects argument of type 'unsigned int', but argument 3 has type 'uint32_t' {aka 'long unsigned int'} [-Wformat=]
  279 |                 sprintf(txBuf, "%u\r\n", v);         // v decimális formátumban
      |                                 ~^       ~
      |                                  |       |
      |                                  |       uint32_t {aka long unsigned int}
      |                                  unsigned int
      |                                 %lu
../USB_DEVICE/App/usbd_cdc_if.c: At top level:
../USB_DEVICE/App/usbd_cdc_if.c:40:15: warning: 'rx_idx' defined but not used [-Wunused-variable]
   40 | static size_t rx_idx = 0;
      |               ^~~~~~
../USB_DEVICE/App/usbd_cdc_if.c:39:13: warning: 'rx_line' defined but not used [-Wunused-variable]
   39 | static char rx_line[64];
      |             ^~~~~~~
arm-none-eabi-gcc -o "arthf4.elf" @"objects.list"   -mcpu=cortex-m7 -T"C:\Users\Attila\Documents\GitHub\art_hfv4\STM32H750VBTX_FLASH.ld" --specs=nosys.specs -Wl,-Map="arthf4.map" -Wl,--gc-sections -static --specs=nano.specs -mfpu=fpv5-d16 -mfloat-abi=hard -mthumb -Wl,--start-group -lc -lm -Wl,--end-group
Finished building target: arthf4.elf
 
arm-none-eabi-size  arthf4.elf 
arm-none-eabi-objdump -h -S arthf4.elf  > "arthf4.list"
   text	   data	    bss	    dec	    hex	filename
  39188	    344	   9040	  48572	   bdbc	arthf4.elf
Finished building: default.size.stdout
 
Finished building: arthf4.list
 
20:47:53 **** Incremental Build of configuration Debug for project arthf4 ****
make -j16 all 
arm-none-eabi-size  arthf4.elf 
   text	   data	    bss	    dec	    hex	filename
  39188	    344	   9040	  48572	   bdbc	arthf4.elf
Finished building: default.size.stdout
 
20:48:22 **** Incremental Build of configuration Debug for project arthf4 ****
make -j16 all 
arm-none-eabi-size  arthf4.elf 
   text	   data	    bss	    dec	    hex	filename
  39188	    344	   9040	  48572	   bdbc	arthf4.elf
Finished building: default.size.stdout
 
